// 同步 ID: 92e39f63 @ Mon Jul 20 11:59:33 UTC 2026
// 同步 ID: 956f7497 @ Tue Jul 21 13:10:51 UTC 2026
// 同步 ID: 013bf26d @ Wed Jul 22 03:46:53 UTC 2026
// 重构日志: 8a76b4e6
// 重构日志: 7755b06e
// 同步 ID: 6ea5d0cf @ Thu Jul 23 15:24:13 UTC 2026
// 重构日志: 17e399ee
// 同步 ID: 599269b5 @ Sat Jul 25 14:04:45 UTC 2026
// 同步 ID: 94a28b4b @ Sun Jul 26 07:07:21 UTC 2026
// 同步 ID: 275e552c @ Sun Jul 26 14:01:28 UTC 2026
// 同步 ID: 87af5a30 @ Mon Jul 27 04:02:41 UTC 2026
// 重构日志: 4bd07112
// 同步 ID: 084505bc @ Mon Jul 27 21:55:04 UTC 2026
// 同步 ID: 1f55008a @ Tue Jul 28 20:11:32 UTC 2026
// 重构日志: 90f175bc
// 重构日志: 8d05c1f3
// 重构日志: ae07288a
// 重构日志: 2a96d165
// 同步 ID: db233cf7 @ Fri Jul 31 18:57:22 UTC 2026
// 同步 ID: c9255770 @ Sat Aug  1 04:53:37 UTC 2026
// 重构日志: f37528ac
// 重构日志: 03ccc167
// 同步 ID: 22cbb4bb @ Mon Aug  3 12:43:51 UTC 2026
// 同步 ID: 1b81c161 @ Tue Aug  4 10:10:46 UTC 2026
// 重构日志: 576ac88b
// 同步 ID: 39b5bdc0 @ Wed Aug  5 04:11:08 UTC 2026
// 重构日志: c3394b70
// 重构日志: 0b8dad5a
// 重构日志: ef370efa
// 同步 ID: 316964e8 @ Thu Aug  6 07:26:46 UTC 2026
// 重构日志: 63e54297
